\BOOKMARK [1][-]{DTLrowi.1.3}{\376\377\000A\000C\000K\000N\000O\000W\000L\000E\000D\000G\000E\000M\000E\000N\000T\000S}{}% 1
\BOOKMARK [1][-]{DTLrowi.1.3}{\376\377\000A\000B\000S\000T\000R\000A\000C\000T}{}% 2
\BOOKMARK [1][-]{figure.caption.4}{\376\377\000L\000I\000S\000T\000\040\000O\000F\000\040\000N\000O\000T\000A\000T\000I\000O\000N\000S}{}% 3
\BOOKMARK [1][-]{chapter*.5}{\376\377\000L\000I\000S\000T\000\040\000O\000F\000\040\000F\000I\000G\000U\000R\000E\000S}{}% 4
\BOOKMARK [1][-]{chapter*.6}{\376\377\000T\000A\000B\000L\000E\000\040\000O\000F\000\040\000C\000O\000N\000T\000E\000N\000T\000S}{}% 5
\BOOKMARK [0][-]{chapter.1}{\376\377\000I\000N\000T\000R\000O\000D\000U\000C\000T\000I\000O\000N}{}% 6
\BOOKMARK [1][-]{section.1.1}{\376\377\000R\000e\000s\000e\000a\000r\000c\000h\000\040\000B\000a\000c\000k\000g\000r\000o\000u\000n\000d}{chapter.1}% 7
\BOOKMARK [1][-]{section.1.2}{\376\377\000T\000h\000e\000s\000i\000s\000\040\000O\000b\000j\000e\000c\000t\000i\000v\000e\000s}{chapter.1}% 8
\BOOKMARK [1][-]{section.1.3}{\376\377\000M\000e\000t\000h\000o\000d\000o\000l\000o\000g\000i\000c\000a\000l\000\040\000O\000v\000e\000r\000v\000i\000e\000w}{chapter.1}% 9
\BOOKMARK [1][-]{section.1.4}{\376\377\000S\000c\000o\000p\000e\000\040\000o\000f\000\040\000T\000h\000e\000\040\000T\000h\000e\000s\000i\000s}{chapter.1}% 10
\BOOKMARK [1][-]{section.1.5}{\376\377\000O\000r\000g\000a\000n\000i\000z\000a\000t\000i\000o\000n\000\040\000o\000f\000\040\000T\000h\000e\000\040\000T\000h\000e\000s\000i\000s}{chapter.1}% 11
\BOOKMARK [0][-]{chapter.2}{\376\377\000T\000H\000E\000O\000R\000E\000T\000I\000C\000A\000L\000\040\000B\000A\000C\000K\000G\000R\000O\000U\000N\000D\000\040\000A\000N\000D\000\040\000L\000I\000T\000E\000R\000A\000T\000U\000R\000E\000\040\000R\000E\000V\000I\000E\000W}{}% 12
\BOOKMARK [1][-]{section.2.1}{\376\377\000G\000r\000e\000e\000n\000\040\000V\000i\000e\000w\000\040\000I\000n\000d\000e\000x}{chapter.2}% 13
\BOOKMARK [1][-]{section.2.2}{\376\377\000A\000e\000r\000i\000a\000l\000\040\000I\000m\000a\000g\000e}{chapter.2}% 14
\BOOKMARK [1][-]{section.2.3}{\376\377\000D\000i\000g\000i\000t\000a\000l\000\040\000I\000m\000a\000g\000e\000\040\000P\000r\000o\000c\000e\000s\000s\000i\000n\000g}{chapter.2}% 15
\BOOKMARK [1][-]{section.2.4}{\376\377\000S\000e\000m\000a\000n\000t\000i\000c\000\040\000S\000e\000g\000m\000e\000n\000t\000a\000t\000i\000o\000n}{chapter.2}% 16
\BOOKMARK [1][-]{section.2.5}{\376\377\000M\000a\000c\000h\000i\000n\000e\000\040\000L\000e\000a\000r\000n\000i\000n\000g}{chapter.2}% 17
\BOOKMARK [1][-]{section.2.6}{\376\377\000D\000e\000e\000p\000\040\000L\000e\000a\000r\000n\000i\000n\000g\000\040\000A\000r\000c\000h\000i\000t\000e\000c\000t\000u\000r\000e\000s}{chapter.2}% 18
\BOOKMARK [2][-]{subsection.2.6.1}{\376\377\000U\000-\000N\000e\000t}{section.2.6}% 19
\BOOKMARK [2][-]{subsection.2.6.2}{\376\377\000S\000e\000g\000N\000e\000t}{section.2.6}% 20
\BOOKMARK [2][-]{subsection.2.6.3}{\376\377\000D\000e\000e\000p\000L\000a\000b\000v\0003\000p\000l\000u\000s}{section.2.6}% 21
\BOOKMARK [1][-]{section.2.7}{\376\377\000R\000e\000c\000u\000r\000r\000e\000n\000t\000\040\000N\000e\000u\000r\000a\000l\000\040\000N\000e\000t\000w\000o\000r\000k}{chapter.2}% 22
\BOOKMARK [2][-]{subsection.2.7.1}{\376\377\000L\000S\000T\000M\000\040\000\050\000L\000o\000n\000g\000\040\000S\000h\000o\000r\000t\000-\000T\000e\000r\000m\000\040\000M\000e\000m\000o\000r\000y\000\051}{section.2.7}% 23
\BOOKMARK [2][-]{subsection.2.7.2}{\376\377\000G\000R\000U\000\040\000\050\000G\000a\000t\000e\000d\000\040\000R\000e\000c\000u\000r\000r\000e\000n\000t\000\040\000U\000n\000i\000t\000\051}{section.2.7}% 24
\BOOKMARK [2][-]{subsection.2.7.3}{\376\377\000S\000i\000a\000m\000e\000s\000e\000\040\000N\000e\000u\000r\000a\000l\000\040\000N\000e\000t\000w\000o\000r\000k\000\040\000M\000o\000d\000e\000l}{section.2.7}% 25
\BOOKMARK [1][-]{section.2.8}{\376\377\000R\000e\000l\000a\000t\000e\000d\000\040\000W\000o\000r\000k\000s}{chapter.2}% 26
\BOOKMARK [2][-]{subsection.2.8.1}{\376\377\000M\000e\000a\000s\000u\000r\000i\000n\000g\000\040\000G\000r\000e\000e\000n\000\040\000S\000p\000a\000c\000e\000\040\000f\000r\000o\000m\000\040\000I\000m\000a\000g\000e\000s}{section.2.8}% 27
\BOOKMARK [2][-]{subsection.2.8.2}{\376\377\000S\000e\000g\000m\000e\000n\000t\000a\000t\000i\000o\000n\000\040\000u\000s\000i\000n\000g\000\040\000M\000a\000c\000h\000i\000n\000e\000\040\000L\000e\000a\000r\000n\000i\000n\000g\000\040\000a\000p\000p\000r\000o\000a\000c\000h}{section.2.8}% 28
\BOOKMARK [3][-]{subsubsection.2.8.2.1}{\376\377\000U\000s\000i\000n\000g\000\040\000G\000o\000o\000g\000l\000e\000\040\000S\000t\000r\000e\000e\000t\000\040\000V\000i\000e\000w\000\040\000i\000m\000a\000g\000e}{subsection.2.8.2}% 29
\BOOKMARK [3][-]{subsubsection.2.8.2.2}{\376\377\000U\000s\000i\000n\000g\000\040\000S\000a\000t\000e\000l\000l\000i\000t\000e\000\040\000I\000m\000a\000g\000e\000s}{subsection.2.8.2}% 30
\BOOKMARK [2][-]{subsection.2.8.3}{\376\377\000A\000n\000a\000l\000y\000s\000i\000s\000\040\000o\000f\000\040\000C\000h\000a\000n\000g\000e\000\040\000i\000n\000\040\000L\000a\000n\000d}{section.2.8}% 31
\BOOKMARK [2][-]{subsection.2.8.4}{\376\377\000P\000r\000e\000d\000i\000c\000t\000i\000n\000g\000\040\000C\000h\000a\000n\000g\000e\000\040\000i\000n\000\040\000L\000a\000n\000d\000\040\000C\000o\000v\000e\000r\000a\000g\000e}{section.2.8}% 32
\BOOKMARK [1][-]{section.2.9}{\376\377\000C\000r\000i\000t\000i\000c\000a\000l\000\040\000S\000u\000m\000m\000a\000r\000y}{chapter.2}% 33
\BOOKMARK [0][-]{chapter.3}{\376\377\000M\000E\000T\000H\000O\000D\000O\000L\000O\000G\000Y}{}% 34
\BOOKMARK [1][-]{section.3.1}{\376\377\000D\000a\000t\000a\000\040\000A\000c\000q\000u\000i\000s\000i\000t\000i\000o\000n}{chapter.3}% 35
\BOOKMARK [2][-]{subsection.3.1.1}{\376\377\000\040\000K\000a\000g\000g\000l\000e\000\040\000D\000a\000t\000a\000s\000e\000t}{section.3.1}% 36
\BOOKMARK [2][-]{subsection.3.1.2}{\376\377\000C\000u\000s\000t\000o\000m\000\040\000D\000a\000t\000a\000s\000e\000t}{section.3.1}% 37
\BOOKMARK [3][-]{subsubsection.3.1.2.1}{\376\377\000I\000m\000a\000g\000e\000\040\000A\000u\000g\000m\000e\000n\000t\000a\000t\000i\000o\000n}{subsection.3.1.2}% 38
\BOOKMARK [2][-]{subsection.3.1.3}{\376\377\000B\000i\000n\000a\000r\000y\000\040\000M\000a\000s\000k\000\040\000G\000e\000n\000e\000r\000a\000t\000i\000o\000n}{section.3.1}% 39
\BOOKMARK [2][-]{subsection.3.1.4}{\376\377\000S\000p\000l\000i\000t\000t\000i\000n\000g\000\040\000i\000n\000t\000o\000\040\000T\000r\000a\000i\000n\000\040\000a\000n\000d\000\040\000T\000e\000s\000t\000\040\000D\000a\000t\000a}{section.3.1}% 40
\BOOKMARK [1][-]{section.3.2}{\376\377\000G\000r\000e\000e\000n\000\040\000S\000p\000a\000c\000e\000\040\000D\000e\000t\000e\000c\000t\000i\000o\000n}{chapter.3}% 41
\BOOKMARK [2][-]{subsection.3.2.1}{\376\377\000M\000o\000d\000e\000l\000\040\000S\000e\000l\000e\000c\000t\000i\000o\000n\000\040\000f\000o\000r\000\040\000D\000e\000t\000e\000c\000t\000i\000o\000n\000\040}{section.3.2}% 42
\BOOKMARK [3][-]{subsubsection.3.2.1.1}{\376\377\000U\000-\000N\000e\000t}{subsection.3.2.1}% 43
\BOOKMARK [3][-]{subsubsection.3.2.1.2}{\376\377\000S\000e\000g\000N\000e\000t}{subsection.3.2.1}% 44
\BOOKMARK [3][-]{subsubsection.3.2.1.3}{\376\377\000D\000e\000e\000p\000L\000a\000b\000V\0003\000P\000l\000u\000s}{subsection.3.2.1}% 45
\BOOKMARK [2][-]{subsection.3.2.2}{\376\377\000\040\000T\000e\000c\000h\000n\000i\000q\000u\000e\000\040\0001\000:\000\040\000T\000r\000a\000i\000n\000i\000n\000g\000\040\000D\000i\000f\000f\000e\000r\000e\000n\000t\000\040\000S\000e\000g\000m\000e\000n\000t\000a\000t\000i\000o\000n\000\040\000M\000o\000d\000e\000l\000s}{section.3.2}% 46
\BOOKMARK [2][-]{subsection.3.2.3}{\376\377\000T\000e\000c\000h\000n\000i\000q\000u\000e\000\040\0002\000:\000\040\000E\000n\000s\000e\000m\000b\000l\000e\000\040\000L\000e\000a\000r\000n\000i\000n\000g\000-\000B\000a\000s\000e\000d\000\040\000A\000p\000p\000r\000o\000a\000c\000h\000\040}{section.3.2}% 47
\BOOKMARK [1][-]{section.3.3}{\376\377\000G\000r\000e\000e\000n\000\040\000S\000p\000a\000c\000e\000\040\000P\000r\000e\000d\000i\000c\000t\000i\000o\000n}{chapter.3}% 48
\BOOKMARK [2][-]{subsection.3.3.1}{\376\377\000I\000m\000a\000g\000e\000\040\000P\000a\000i\000r\000i\000n\000g}{section.3.3}% 49
\BOOKMARK [2][-]{subsection.3.3.2}{\376\377\000M\000o\000d\000e\000l\000\040\000S\000e\000l\000e\000c\000t\000i\000o\000n\000\040\000f\000o\000r\000\040\000P\000r\000e\000d\000i\000c\000t\000i\000o\000n}{section.3.3}% 50
\BOOKMARK [3][-]{subsubsection.3.3.2.1}{\376\377\000L\000o\000n\000g\000\040\000S\000h\000o\000r\000t\000-\000T\000e\000r\000m\000\040\000M\000e\000m\000o\000r\000y\000\040\000\050\000L\000S\000T\000M\000\051}{subsection.3.3.2}% 51
\BOOKMARK [3][-]{subsubsection.3.3.2.2}{\376\377\000A\000t\000t\000e\000n\000t\000i\000o\000n\000\040\000L\000o\000n\000g\000\040\000S\000h\000o\000r\000t\000-\000T\000e\000r\000m\000\040\000M\000e\000m\000o\000r\000y\000\040\000\050\000A\000T\000T\000-\000L\000S\000T\000M\000\051}{subsection.3.3.2}% 52
\BOOKMARK [3][-]{subsubsection.3.3.2.3}{\376\377\000G\000a\000t\000e\000d\000\040\000R\000e\000c\000u\000r\000r\000e\000n\000t\000\040\000U\000n\000i\000t\000\040\000\050\000G\000R\000U\000\051}{subsection.3.3.2}% 53
\BOOKMARK [3][-]{subsubsection.3.3.2.4}{\376\377\000A\000t\000t\000e\000n\000t\000i\000o\000n\000\040\000G\000a\000t\000e\000d\000\040\000R\000e\000c\000u\000r\000r\000e\000n\000t\000\040\000U\000n\000i\000t\000\040\000\050\000A\000T\000T\000-\000G\000R\000U\000\051}{subsection.3.3.2}% 54
\BOOKMARK [2][-]{subsection.3.3.3}{\376\377\000S\000i\000a\000m\000e\000s\000e\000\040\000N\000e\000u\000r\000a\000l\000\040\000N\000e\000t\000w\000o\000r\000k\000\040\000M\000o\000d\000e\000l}{section.3.3}% 55
\BOOKMARK [1][-]{section.3.4}{\376\377\000P\000r\000o\000p\000o\000s\000e\000d\000\040\000F\000r\000a\000m\000e\000w\000o\000r\000k}{chapter.3}% 56
\BOOKMARK [0][-]{chapter.4}{\376\377\000R\000E\000S\000U\000L\000T\000\040\000A\000N\000A\000L\000Y\000S\000I\000S}{}% 57
\BOOKMARK [1][-]{section.4.1}{\376\377\000E\000v\000a\000l\000u\000a\000t\000i\000o\000n\000\040\000M\000e\000t\000r\000i\000c\000s}{chapter.4}% 58
\BOOKMARK [2][-]{subsection.4.1.1}{\376\377\000A\000c\000c\000u\000r\000a\000c\000y}{section.4.1}% 59
\BOOKMARK [2][-]{subsection.4.1.2}{\376\377\000P\000r\000e\000c\000i\000s\000i\000o\000n}{section.4.1}% 60
\BOOKMARK [2][-]{subsection.4.1.3}{\376\377\000D\000i\000c\000e\000\040\000C\000o\000e\000f\000f\000i\000c\000i\000e\000n\000t}{section.4.1}% 61
\BOOKMARK [2][-]{subsection.4.1.4}{\376\377\000M\000e\000a\000n\000\040\000A\000b\000s\000o\000l\000u\000t\000e\000\040\000E\000r\000r\000o\000r\000\040\000\050\000M\000A\000E\000\051}{section.4.1}% 62
\BOOKMARK [2][-]{subsection.4.1.5}{\376\377\000M\000e\000a\000n\000\040\000S\000q\000u\000a\000r\000e\000\040\000E\000r\000r\000o\000r\000\040\000\050\000M\000S\000E\000\051}{section.4.1}% 63
\BOOKMARK [2][-]{subsection.4.1.6}{\376\377\000R\000o\000o\000t\000\040\000M\000e\000a\000n\000\040\000S\000q\000u\000a\000r\000e\000\040\000E\000r\000r\000o\000r\000\040\000\050\000R\000M\000S\000E\000\051}{section.4.1}% 64
\BOOKMARK [1][-]{section.4.2}{\376\377\000R\000e\000s\000u\000l\000t\000\040\000a\000n\000d\000\040\000P\000e\000r\000f\000o\000r\000m\000a\000n\000c\000e\000\040\000A\000n\000a\000l\000y\000s\000i\000s\000\040\000f\000o\000r\000\040\000G\000r\000e\000e\000n\000\040\000S\000p\000a\000c\000e\000\040\000D\000e\000t\000e\000c\000t\000i\000o\000n}{chapter.4}% 65
\BOOKMARK [2][-]{subsection.4.2.1}{\376\377\000C\000o\000m\000p\000a\000r\000i\000s\000o\000n\000\040\000w\000i\000t\000h\000\040\000P\000r\000e\000-\000e\000x\000i\000s\000t\000i\000n\000g\000\040\000a\000n\000d\000\040\000C\000u\000s\000t\000o\000m\000\040\000d\000a\000t\000a\000s\000e\000t}{section.4.2}% 66
\BOOKMARK [2][-]{subsection.4.2.2}{\376\377\000C\000o\000m\000p\000a\000r\000a\000t\000i\000v\000e\000\040\000A\000n\000a\000l\000y\000s\000i\000s\000\040\000o\000f\000\040\000E\000n\000s\000e\000m\000b\000l\000e\000\040\000L\000e\000a\000r\000n\000i\000n\000g\000\040\000T\000e\000c\000h\000n\000i\000q\000u\000e\000s}{section.4.2}% 67
\BOOKMARK [2][-]{subsection.4.2.3}{\376\377\000K\000-\000f\000o\000l\000d\000\040\000C\000r\000o\000s\000s\000-\000V\000a\000l\000i\000d\000a\000t\000i\000o\000n}{section.4.2}% 68
\BOOKMARK [1][-]{section.4.3}{\376\377\000R\000e\000s\000u\000l\000t\000\040\000a\000n\000d\000\040\000P\000e\000r\000f\000o\000r\000m\000a\000n\000c\000e\000\040\000A\000n\000a\000l\000y\000s\000i\000s\000\040\000o\000f\000\040\000G\000r\000e\000e\000n\000\040\000S\000p\000a\000c\000e\000\040\000P\000r\000e\000d\000i\000c\000t\000i\000o\000n}{chapter.4}% 69
\BOOKMARK [2][-]{subsection.4.3.1}{\376\377\000C\000o\000m\000p\000a\000r\000a\000t\000i\000v\000e\000\040\000A\000n\000a\000l\000y\000s\000i\000s\000\040\000o\000f\000\040\000R\000N\000N\000\040\000M\000o\000d\000e\000l\000s}{section.4.3}% 70
\BOOKMARK [1][-]{section.4.4}{\376\377\000E\000x\000p\000e\000r\000i\000m\000e\000n\000t\000a\000l\000\040\000E\000v\000a\000l\000u\000a\000t\000i\000o\000n}{chapter.4}% 71
\BOOKMARK [2][-]{subsection.4.4.1}{\376\377\000E\000x\000p\000e\000r\000i\000m\000e\000n\000t\000a\000l\000\040\000P\000r\000o\000c\000e\000d\000u\000r\000e}{section.4.4}% 72
\BOOKMARK [2][-]{subsection.4.4.2}{\376\377\000E\000x\000p\000e\000r\000i\000m\000e\000n\000t\000a\000l\000\040\000R\000e\000s\000u\000l\000t\000\040}{section.4.4}% 73
\BOOKMARK [0][-]{chapter.5}{\376\377\000E\000N\000G\000I\000N\000E\000E\000R\000I\000N\000G\000\040\000C\000O\000N\000S\000I\000D\000E\000R\000A\000T\000I\000O\000N\000S\000,\000\040\000C\000H\000A\000L\000L\000E\000N\000G\000E\000S\000\040\000A\000N\000D\000\040\000R\000E\000M\000E\000D\000I\000E\000S}{}% 74
\BOOKMARK [1][-]{section.5.1}{\376\377\000D\000e\000s\000i\000g\000n\000\040\000C\000o\000n\000s\000t\000r\000a\000i\000n\000t\000s}{chapter.5}% 75
\BOOKMARK [2][-]{subsection.5.1.1}{\376\377\000E\000t\000h\000i\000c\000a\000l\000\040\000C\000o\000n\000s\000i\000d\000e\000r\000a\000t\000i\000o\000n\000s}{section.5.1}% 76
\BOOKMARK [2][-]{subsection.5.1.2}{\376\377\000S\000u\000s\000t\000a\000i\000n\000a\000b\000i\000l\000i\000t\000y\000\040\000i\000n\000\040\000E\000n\000v\000i\000r\000o\000n\000m\000e\000n\000t\000a\000l\000\040\000a\000n\000d\000\040\000S\000o\000c\000i\000e\000t\000a\000l\000\040\000C\000o\000n\000t\000e\000x\000t}{section.5.1}% 77
\BOOKMARK [1][-]{section.5.2}{\376\377\000C\000o\000m\000p\000l\000e\000x\000\040\000E\000n\000g\000i\000n\000e\000e\000r\000i\000n\000g\000\040\000P\000r\000o\000b\000l\000e\000m}{chapter.5}% 78
\BOOKMARK [2][-]{subsection.5.2.1}{\376\377\000C\000o\000m\000p\000l\000e\000x\000\040\000P\000r\000o\000b\000l\000e\000m\000\040\000S\000o\000l\000v\000i\000n\000g}{section.5.2}% 79
\BOOKMARK [2][-]{subsection.5.2.2}{\376\377\000E\000n\000g\000i\000n\000e\000e\000r\000i\000n\000g\000\040\000A\000c\000t\000i\000v\000i\000t\000i\000e\000s}{section.5.2}% 80
\BOOKMARK [0][-]{chapter.6}{\376\377\000D\000I\000S\000C\000U\000S\000S\000I\000O\000N\000\040\000A\000N\000D\000\040\000C\000O\000N\000C\000L\000U\000S\000I\000O\000N\000\040}{}% 81
\BOOKMARK [1][-]{section.6.1}{\376\377\000T\000h\000e\000s\000i\000s\000\040\000O\000u\000t\000c\000o\000m\000e}{chapter.6}% 82
\BOOKMARK [1][-]{section.6.2}{\376\377\000T\000h\000e\000s\000i\000s\000\040\000I\000m\000p\000l\000i\000c\000a\000t\000i\000o\000n\000\040\000a\000n\000d\000\040\000C\000o\000n\000t\000r\000i\000b\000u\000t\000i\000o\000n}{chapter.6}% 83
\BOOKMARK [1][-]{section.6.3}{\376\377\000T\000h\000e\000s\000i\000s\000\040\000L\000i\000m\000i\000t\000a\000t\000i\000o\000n}{chapter.6}% 84
\BOOKMARK [1][-]{section.6.4}{\376\377\000F\000u\000t\000u\000r\000e\000\040\000W\000o\000r\000k}{chapter.6}% 85
\BOOKMARK [0][-]{appendix*.32}{\376\377\000=\000R\000E\000F\000E\000R\000E\000N\000C\000E\000S}{}% 86
